[assembly: System.Runtime.CompilerServices.InternalsVisibleTo("ServiceControl.Monitoring.Data.Tests")]